nohup: ignoring input
[0m[1mdata.aws_iam_policy_document.assume_role_policy: Reading...[0m[0m
[0m[1mdata.aws_iam_policy_document.assume_role_policy: Read complete after 0s [id=1903849331][0m
[0m[1maws_vpc.vpc: Refreshing state... [id=vpc-0f193297a72b82a33][0m
[0m[1maws_internet_gateway.igw: Refreshing state... [id=igw-070d53ae361266820][0m
[0m[1maws_subnet.public_subnet: Refreshing state... [id=subnet-072aba1a03f61dfdd][0m

Terraform used the selected providers to generate the following execution
plan. Resource actions are indicated with the following symbols:
  [31m-[0m destroy[0m

Terraform will perform the following actions:

[1m  # aws_internet_gateway.igw[0m will be [1m[31mdestroyed[0m
[0m  [31m-[0m[0m resource "aws_internet_gateway" "igw" {
      [31m-[0m[0m arn      = "arn:aws:ec2:us-east-1:934225420335:internet-gateway/igw-070d53ae361266820" [90m-> null[0m[0m
      [31m-[0m[0m id       = "igw-070d53ae361266820" [90m-> null[0m[0m
      [31m-[0m[0m owner_id = "934225420335" [90m-> null[0m[0m
      [31m-[0m[0m tags     = {} [90m-> null[0m[0m
      [31m-[0m[0m tags_all = {} [90m-> null[0m[0m
      [31m-[0m[0m vpc_id   = "vpc-0f193297a72b82a33" [90m-> null[0m[0m
    }

[1m  # aws_subnet.public_subnet[0m will be [1m[31mdestroyed[0m
[0m  [31m-[0m[0m resource "aws_subnet" "public_subnet" {
      [31m-[0m[0m arn                                            = "arn:aws:ec2:us-east-1:934225420335:subnet/subnet-072aba1a03f61dfdd" [90m-> null[0m[0m
      [31m-[0m[0m assign_ipv6_address_on_creation                = false [90m-> null[0m[0m
      [31m-[0m[0m availability_zone                              = "us-east-1a" [90m-> null[0m[0m
      [31m-[0m[0m availability_zone_id                           = "use1-az1" [90m-> null[0m[0m
      [31m-[0m[0m cidr_block                                     = "10.0.1.0/24" [90m-> null[0m[0m
      [31m-[0m[0m enable_dns64                                   = false [90m-> null[0m[0m
      [31m-[0m[0m enable_resource_name_dns_a_record_on_launch    = false [90m-> null[0m[0m
      [31m-[0m[0m enable_resource_name_dns_aaaa_record_on_launch = false [90m-> null[0m[0m
      [31m-[0m[0m id                                             = "subnet-072aba1a03f61dfdd" [90m-> null[0m[0m
      [31m-[0m[0m ipv6_native                                    = false [90m-> null[0m[0m
      [31m-[0m[0m map_customer_owned_ip_on_launch                = false [90m-> null[0m[0m
      [31m-[0m[0m map_public_ip_on_launch                        = true [90m-> null[0m[0m
      [31m-[0m[0m owner_id                                       = "934225420335" [90m-> null[0m[0m
      [31m-[0m[0m private_dns_hostname_type_on_launch            = "ip-name" [90m-> null[0m[0m
      [31m-[0m[0m tags                                           = {
          [31m-[0m[0m "Name" = "udacity-public"
        } [90m-> null[0m[0m
      [31m-[0m[0m tags_all                                       = {
          [31m-[0m[0m "Name" = "udacity-public"
        } [90m-> null[0m[0m
      [31m-[0m[0m vpc_id                                         = "vpc-0f193297a72b82a33" [90m-> null[0m[0m
    }

[1m  # aws_vpc.vpc[0m will be [1m[31mdestroyed[0m
[0m  [31m-[0m[0m resource "aws_vpc" "vpc" {
      [31m-[0m[0m arn                                  = "arn:aws:ec2:us-east-1:934225420335:vpc/vpc-0f193297a72b82a33" [90m-> null[0m[0m
      [31m-[0m[0m assign_generated_ipv6_cidr_block     = false [90m-> null[0m[0m
      [31m-[0m[0m cidr_block                           = "10.0.0.0/16" [90m-> null[0m[0m
      [31m-[0m[0m default_network_acl_id               = "acl-00c59ec92c8859425" [90m-> null[0m[0m
      [31m-[0m[0m default_route_table_id               = "rtb-067807b7e8259b7b4" [90m-> null[0m[0m
      [31m-[0m[0m default_security_group_id            = "sg-0cf6a0743e6a4b227" [90m-> null[0m[0m
      [31m-[0m[0m dhcp_options_id                      = "dopt-055ce296cd3a56f43" [90m-> null[0m[0m
      [31m-[0m[0m enable_classiclink                   = false [90m-> null[0m[0m
      [31m-[0m[0m enable_classiclink_dns_support       = false [90m-> null[0m[0m
      [31m-[0m[0m enable_dns_hostnames                 = true [90m-> null[0m[0m
      [31m-[0m[0m enable_dns_support                   = true [90m-> null[0m[0m
      [31m-[0m[0m enable_network_address_usage_metrics = false [90m-> null[0m[0m
      [31m-[0m[0m id                                   = "vpc-0f193297a72b82a33" [90m-> null[0m[0m
      [31m-[0m[0m instance_tenancy                     = "default" [90m-> null[0m[0m
      [31m-[0m[0m ipv6_netmask_length                  = 0 [90m-> null[0m[0m
      [31m-[0m[0m main_route_table_id                  = "rtb-067807b7e8259b7b4" [90m-> null[0m[0m
      [31m-[0m[0m owner_id                             = "934225420335" [90m-> null[0m[0m
      [31m-[0m[0m tags                                 = {
          [31m-[0m[0m "Name" = "udacity"
        } [90m-> null[0m[0m
      [31m-[0m[0m tags_all                             = {
          [31m-[0m[0m "Name" = "udacity"
        } [90m-> null[0m[0m
    }

[1mPlan:[0m 0 to add, 0 to change, 3 to destroy.
[0m
Changes to Outputs:
  [31m-[0m[0m cluster_name    = "cluster" [90m-> null[0m[0m
  [31m-[0m[0m cluster_version = "1.30" [90m-> null[0m[0m
[0m[1maws_internet_gateway.igw: Destroying... [id=igw-070d53ae361266820][0m[0m
[0m[1maws_subnet.public_subnet: Destroying... [id=subnet-072aba1a03f61dfdd][0m[0m
[0m[1maws_internet_gateway.igw: Still destroying... [id=igw-070d53ae361266820, 10s elapsed][0m[0m
[0m[1maws_subnet.public_subnet: Still destroying... [id=subnet-072aba1a03f61dfdd, 10s elapsed][0m[0m
[0m[1maws_internet_gateway.igw: Still destroying... [id=igw-070d53ae361266820, 20s elapsed][0m[0m
[0m[1maws_subnet.public_subnet: Still destroying... [id=subnet-072aba1a03f61dfdd, 20s elapsed][0m[0m
[0m[1maws_subnet.public_subnet: Still destroying... [id=subnet-072aba1a03f61dfdd, 30s elapsed][0m[0m
[0m[1maws_internet_gateway.igw: Still destroying... [id=igw-070d53ae361266820, 30s elapsed][0m[0m
[0m[1maws_internet_gateway.igw: Still destroying... [id=igw-070d53ae361266820, 40s elapsed][0m[0m
[0m[1maws_subnet.public_subnet: Still destroying... [id=subnet-072aba1a03f61dfdd, 40s elapsed][0m[0m
[0m[1maws_subnet.public_subnet: Still destroying... [id=subnet-072aba1a03f61dfdd, 50s elapsed][0m[0m
[0m[1maws_internet_gateway.igw: Still destroying... [id=igw-070d53ae361266820, 50s elapsed][0m[0m
[0m[1maws_internet_gateway.igw: Still destroying... [id=igw-070d53ae361266820, 1m0s elapsed][0m[0m
[0m[1maws_subnet.public_subnet: Still destroying... [id=subnet-072aba1a03f61dfdd, 1m0s elapsed][0m[0m
[0m[1maws_subnet.public_subnet: Still destroying... [id=subnet-072aba1a03f61dfdd, 1m10s elapsed][0m[0m
[0m[1maws_internet_gateway.igw: Still destroying... [id=igw-070d53ae361266820, 1m10s elapsed][0m[0m
[0m[1maws_subnet.public_subnet: Still destroying... [id=subnet-072aba1a03f61dfdd, 1m20s elapsed][0m[0m
[0m[1maws_internet_gateway.igw: Still destroying... [id=igw-070d53ae361266820, 1m20s elapsed][0m[0m
[0m[1maws_internet_gateway.igw: Still destroying... [id=igw-070d53ae361266820, 1m30s elapsed][0m[0m
[0m[1maws_subnet.public_subnet: Still destroying... [id=subnet-072aba1a03f61dfdd, 1m30s elapsed][0m[0m
[0m[1maws_subnet.public_subnet: Still destroying... [id=subnet-072aba1a03f61dfdd, 1m40s elapsed][0m[0m
[0m[1maws_internet_gateway.igw: Still destroying... [id=igw-070d53ae361266820, 1m40s elapsed][0m[0m
[0m[1maws_internet_gateway.igw: Still destroying... [id=igw-070d53ae361266820, 1m50s elapsed][0m[0m
[0m[1maws_subnet.public_subnet: Still destroying... [id=subnet-072aba1a03f61dfdd, 1m50s elapsed][0m[0m
[0m[1maws_internet_gateway.igw: Still destroying... [id=igw-070d53ae361266820, 2m0s elapsed][0m[0m
[0m[1maws_subnet.public_subnet: Still destroying... [id=subnet-072aba1a03f61dfdd, 2m0s elapsed][0m[0m
[0m[1maws_subnet.public_subnet: Still destroying... [id=subnet-072aba1a03f61dfdd, 2m10s elapsed][0m[0m
[0m[1maws_internet_gateway.igw: Still destroying... [id=igw-070d53ae361266820, 2m10s elapsed][0m[0m
[0m[1maws_internet_gateway.igw: Still destroying... [id=igw-070d53ae361266820, 2m20s elapsed][0m[0m
[0m[1maws_subnet.public_subnet: Still destroying... [id=subnet-072aba1a03f61dfdd, 2m20s elapsed][0m[0m
[0m[1maws_subnet.public_subnet: Still destroying... [id=subnet-072aba1a03f61dfdd, 2m30s elapsed][0m[0m
[0m[1maws_internet_gateway.igw: Still destroying... [id=igw-070d53ae361266820, 2m30s elapsed][0m[0m
[0m[1maws_subnet.public_subnet: Still destroying... [id=subnet-072aba1a03f61dfdd, 2m40s elapsed][0m[0m
[0m[1maws_internet_gateway.igw: Still destroying... [id=igw-070d53ae361266820, 2m40s elapsed][0m[0m
[0m[1maws_subnet.public_subnet: Still destroying... [id=subnet-072aba1a03f61dfdd, 2m50s elapsed][0m[0m
[0m[1maws_internet_gateway.igw: Still destroying... [id=igw-070d53ae361266820, 2m50s elapsed][0m[0m
[0m[1maws_internet_gateway.igw: Still destroying... [id=igw-070d53ae361266820, 3m0s elapsed][0m[0m
[0m[1maws_subnet.public_subnet: Still destroying... [id=subnet-072aba1a03f61dfdd, 3m0s elapsed][0m[0m
[0m[1maws_subnet.public_subnet: Still destroying... [id=subnet-072aba1a03f61dfdd, 3m10s elapsed][0m[0m
[0m[1maws_internet_gateway.igw: Still destroying... [id=igw-070d53ae361266820, 3m10s elapsed][0m[0m
[0m[1maws_internet_gateway.igw: Still destroying... [id=igw-070d53ae361266820, 3m20s elapsed][0m[0m
[0m[1maws_subnet.public_subnet: Still destroying... [id=subnet-072aba1a03f61dfdd, 3m20s elapsed][0m[0m
[0m[1maws_internet_gateway.igw: Still destroying... [id=igw-070d53ae361266820, 3m30s elapsed][0m[0m
[0m[1maws_subnet.public_subnet: Still destroying... [id=subnet-072aba1a03f61dfdd, 3m30s elapsed][0m[0m
[0m[1maws_internet_gateway.igw: Still destroying... [id=igw-070d53ae361266820, 3m40s elapsed][0m[0m
[0m[1maws_subnet.public_subnet: Still destroying... [id=subnet-072aba1a03f61dfdd, 3m40s elapsed][0m[0m
[0m[1maws_subnet.public_subnet: Still destroying... [id=subnet-072aba1a03f61dfdd, 3m50s elapsed][0m[0m
[0m[1maws_internet_gateway.igw: Still destroying... [id=igw-070d53ae361266820, 3m50s elapsed][0m[0m
[0m[1maws_internet_gateway.igw: Still destroying... [id=igw-070d53ae361266820, 4m0s elapsed][0m[0m
[0m[1maws_subnet.public_subnet: Still destroying... [id=subnet-072aba1a03f61dfdd, 4m0s elapsed][0m[0m
[0m[1maws_subnet.public_subnet: Still destroying... [id=subnet-072aba1a03f61dfdd, 4m10s elapsed][0m[0m
[0m[1maws_internet_gateway.igw: Still destroying... [id=igw-070d53ae361266820, 4m10s elapsed][0m[0m
[0m[1maws_subnet.public_subnet: Still destroying... [id=subnet-072aba1a03f61dfdd, 4m20s elapsed][0m[0m
[0m[1maws_internet_gateway.igw: Still destroying... [id=igw-070d53ae361266820, 4m20s elapsed][0m[0m
[0m[1maws_subnet.public_subnet: Still destroying... [id=subnet-072aba1a03f61dfdd, 4m30s elapsed][0m[0m
[0m[1maws_internet_gateway.igw: Still destroying... [id=igw-070d53ae361266820, 4m30s elapsed][0m[0m
[0m[1maws_subnet.public_subnet: Still destroying... [id=subnet-072aba1a03f61dfdd, 4m40s elapsed][0m[0m
[0m[1maws_internet_gateway.igw: Still destroying... [id=igw-070d53ae361266820, 4m40s elapsed][0m[0m
[0m[1maws_subnet.public_subnet: Still destroying... [id=subnet-072aba1a03f61dfdd, 4m50s elapsed][0m[0m
[0m[1maws_internet_gateway.igw: Still destroying... [id=igw-070d53ae361266820, 4m50s elapsed][0m[0m
[0m[1maws_subnet.public_subnet: Still destroying... [id=subnet-072aba1a03f61dfdd, 5m0s elapsed][0m[0m
[0m[1maws_internet_gateway.igw: Still destroying... [id=igw-070d53ae361266820, 5m0s elapsed][0m[0m
[0m[1maws_subnet.public_subnet: Still destroying... [id=subnet-072aba1a03f61dfdd, 5m10s elapsed][0m[0m
[0m[1maws_internet_gateway.igw: Still destroying... [id=igw-070d53ae361266820, 5m10s elapsed][0m[0m
[0m[1maws_subnet.public_subnet: Still destroying... [id=subnet-072aba1a03f61dfdd, 5m20s elapsed][0m[0m
[0m[1maws_internet_gateway.igw: Still destroying... [id=igw-070d53ae361266820, 5m20s elapsed][0m[0m
[0m[1maws_subnet.public_subnet: Still destroying... [id=subnet-072aba1a03f61dfdd, 5m30s elapsed][0m[0m
[0m[1maws_internet_gateway.igw: Still destroying... [id=igw-070d53ae361266820, 5m30s elapsed][0m[0m
[0m[1maws_subnet.public_subnet: Still destroying... [id=subnet-072aba1a03f61dfdd, 5m40s elapsed][0m[0m
[0m[1maws_internet_gateway.igw: Still destroying... [id=igw-070d53ae361266820, 5m40s elapsed][0m[0m
[0m[1maws_subnet.public_subnet: Still destroying... [id=subnet-072aba1a03f61dfdd, 5m50s elapsed][0m[0m
[0m[1maws_internet_gateway.igw: Still destroying... [id=igw-070d53ae361266820, 5m50s elapsed][0m[0m
[0m[1maws_subnet.public_subnet: Still destroying... [id=subnet-072aba1a03f61dfdd, 6m0s elapsed][0m[0m
[0m[1maws_internet_gateway.igw: Still destroying... [id=igw-070d53ae361266820, 6m0s elapsed][0m[0m
[0m[1maws_subnet.public_subnet: Still destroying... [id=subnet-072aba1a03f61dfdd, 6m10s elapsed][0m[0m
[0m[1maws_internet_gateway.igw: Still destroying... [id=igw-070d53ae361266820, 6m10s elapsed][0m[0m
[0m[1maws_subnet.public_subnet: Still destroying... [id=subnet-072aba1a03f61dfdd, 6m20s elapsed][0m[0m
[0m[1maws_internet_gateway.igw: Still destroying... [id=igw-070d53ae361266820, 6m20s elapsed][0m[0m
[0m[1maws_subnet.public_subnet: Still destroying... [id=subnet-072aba1a03f61dfdd, 6m30s elapsed][0m[0m
[0m[1maws_internet_gateway.igw: Still destroying... [id=igw-070d53ae361266820, 6m30s elapsed][0m[0m
[0m[1maws_subnet.public_subnet: Still destroying... [id=subnet-072aba1a03f61dfdd, 6m40s elapsed][0m[0m
[0m[1maws_internet_gateway.igw: Still destroying... [id=igw-070d53ae361266820, 6m40s elapsed][0m[0m
[0m[1maws_subnet.public_subnet: Still destroying... [id=subnet-072aba1a03f61dfdd, 6m50s elapsed][0m[0m
[0m[1maws_internet_gateway.igw: Still destroying... [id=igw-070d53ae361266820, 6m50s elapsed][0m[0m
[0m[1maws_subnet.public_subnet: Still destroying... [id=subnet-072aba1a03f61dfdd, 7m0s elapsed][0m[0m
[0m[1maws_internet_gateway.igw: Still destroying... [id=igw-070d53ae361266820, 7m0s elapsed][0m[0m
[0m[1maws_subnet.public_subnet: Still destroying... [id=subnet-072aba1a03f61dfdd, 7m10s elapsed][0m[0m
[0m[1maws_internet_gateway.igw: Still destroying... [id=igw-070d53ae361266820, 7m10s elapsed][0m[0m
[0m[1maws_subnet.public_subnet: Still destroying... [id=subnet-072aba1a03f61dfdd, 7m20s elapsed][0m[0m
[0m[1maws_internet_gateway.igw: Still destroying... [id=igw-070d53ae361266820, 7m20s elapsed][0m[0m
[0m[1maws_subnet.public_subnet: Still destroying... [id=subnet-072aba1a03f61dfdd, 7m30s elapsed][0m[0m
[0m[1maws_internet_gateway.igw: Still destroying... [id=igw-070d53ae361266820, 7m30s elapsed][0m[0m
[0m[1maws_subnet.public_subnet: Still destroying... [id=subnet-072aba1a03f61dfdd, 7m40s elapsed][0m[0m
[0m[1maws_internet_gateway.igw: Still destroying... [id=igw-070d53ae361266820, 7m40s elapsed][0m[0m
[0m[1maws_subnet.public_subnet: Still destroying... [id=subnet-072aba1a03f61dfdd, 7m50s elapsed][0m[0m
[0m[1maws_internet_gateway.igw: Still destroying... [id=igw-070d53ae361266820, 7m50s elapsed][0m[0m
[0m[1maws_subnet.public_subnet: Still destroying... [id=subnet-072aba1a03f61dfdd, 8m0s elapsed][0m[0m
[0m[1maws_internet_gateway.igw: Still destroying... [id=igw-070d53ae361266820, 8m0s elapsed][0m[0m
[0m[1maws_subnet.public_subnet: Still destroying... [id=subnet-072aba1a03f61dfdd, 8m10s elapsed][0m[0m
[0m[1maws_internet_gateway.igw: Still destroying... [id=igw-070d53ae361266820, 8m10s elapsed][0m[0m
[0m[1maws_subnet.public_subnet: Still destroying... [id=subnet-072aba1a03f61dfdd, 8m20s elapsed][0m[0m
[0m[1maws_internet_gateway.igw: Still destroying... [id=igw-070d53ae361266820, 8m20s elapsed][0m[0m
[0m[1maws_subnet.public_subnet: Still destroying... [id=subnet-072aba1a03f61dfdd, 8m30s elapsed][0m[0m
[0m[1maws_internet_gateway.igw: Still destroying... [id=igw-070d53ae361266820, 8m30s elapsed][0m[0m
[0m[1maws_subnet.public_subnet: Still destroying... [id=subnet-072aba1a03f61dfdd, 8m40s elapsed][0m[0m
[0m[1maws_internet_gateway.igw: Still destroying... [id=igw-070d53ae361266820, 8m40s elapsed][0m[0m
[0m[1maws_internet_gateway.igw: Still destroying... [id=igw-070d53ae361266820, 8m50s elapsed][0m[0m
[0m[1maws_subnet.public_subnet: Still destroying... [id=subnet-072aba1a03f61dfdd, 8m50s elapsed][0m[0m
[0m[1maws_internet_gateway.igw: Still destroying... [id=igw-070d53ae361266820, 9m0s elapsed][0m[0m
[0m[1maws_subnet.public_subnet: Still destroying... [id=subnet-072aba1a03f61dfdd, 9m0s elapsed][0m[0m
[0m[1maws_subnet.public_subnet: Still destroying... [id=subnet-072aba1a03f61dfdd, 9m10s elapsed][0m[0m
[0m[1maws_internet_gateway.igw: Still destroying... [id=igw-070d53ae361266820, 9m10s elapsed][0m[0m
[0m[1maws_internet_gateway.igw: Still destroying... [id=igw-070d53ae361266820, 9m20s elapsed][0m[0m
[0m[1maws_subnet.public_subnet: Still destroying... [id=subnet-072aba1a03f61dfdd, 9m20s elapsed][0m[0m
[0m[1maws_internet_gateway.igw: Still destroying... [id=igw-070d53ae361266820, 9m30s elapsed][0m[0m
[0m[1maws_subnet.public_subnet: Still destroying... [id=subnet-072aba1a03f61dfdd, 9m30s elapsed][0m[0m
[0m[1maws_subnet.public_subnet: Still destroying... [id=subnet-072aba1a03f61dfdd, 9m40s elapsed][0m[0m
[0m[1maws_internet_gateway.igw: Still destroying... [id=igw-070d53ae361266820, 9m40s elapsed][0m[0m
[0m[1maws_subnet.public_subnet: Still destroying... [id=subnet-072aba1a03f61dfdd, 9m50s elapsed][0m[0m
[0m[1maws_internet_gateway.igw: Still destroying... [id=igw-070d53ae361266820, 9m50s elapsed][0m[0m
[0m[1maws_subnet.public_subnet: Still destroying... [id=subnet-072aba1a03f61dfdd, 10m0s elapsed][0m[0m
[0m[1maws_internet_gateway.igw: Still destroying... [id=igw-070d53ae361266820, 10m0s elapsed][0m[0m
[0m[1maws_internet_gateway.igw: Still destroying... [id=igw-070d53ae361266820, 10m10s elapsed][0m[0m
[0m[1maws_subnet.public_subnet: Still destroying... [id=subnet-072aba1a03f61dfdd, 10m10s elapsed][0m[0m
[0m[1maws_subnet.public_subnet: Still destroying... [id=subnet-072aba1a03f61dfdd, 10m20s elapsed][0m[0m
[0m[1maws_internet_gateway.igw: Still destroying... [id=igw-070d53ae361266820, 10m20s elapsed][0m[0m
[0m[1maws_subnet.public_subnet: Still destroying... [id=subnet-072aba1a03f61dfdd, 10m30s elapsed][0m[0m
[0m[1maws_internet_gateway.igw: Still destroying... [id=igw-070d53ae361266820, 10m30s elapsed][0m[0m
[0m[1maws_internet_gateway.igw: Still destroying... [id=igw-070d53ae361266820, 10m40s elapsed][0m[0m
[0m[1maws_subnet.public_subnet: Still destroying... [id=subnet-072aba1a03f61dfdd, 10m40s elapsed][0m[0m
[0m[1maws_internet_gateway.igw: Still destroying... [id=igw-070d53ae361266820, 10m50s elapsed][0m[0m
[0m[1maws_subnet.public_subnet: Still destroying... [id=subnet-072aba1a03f61dfdd, 10m50s elapsed][0m[0m
[0m[1maws_internet_gateway.igw: Still destroying... [id=igw-070d53ae361266820, 11m0s elapsed][0m[0m
[0m[1maws_subnet.public_subnet: Still destroying... [id=subnet-072aba1a03f61dfdd, 11m0s elapsed][0m[0m
[0m[1maws_subnet.public_subnet: Still destroying... [id=subnet-072aba1a03f61dfdd, 11m10s elapsed][0m[0m
[0m[1maws_internet_gateway.igw: Still destroying... [id=igw-070d53ae361266820, 11m10s elapsed][0m[0m
[0m[1maws_internet_gateway.igw: Still destroying... [id=igw-070d53ae361266820, 11m20s elapsed][0m[0m
[0m[1maws_subnet.public_subnet: Still destroying... [id=subnet-072aba1a03f61dfdd, 11m20s elapsed][0m[0m
